{
  "context": {
    "date": "2026-09-15T01:44:53-06:00",
    "host_name": "LAPTOP-EMHRSRSA",
    "executable": "/home/shaheer/projects/lru-bench/build/gcc-release/bench/bench_single_thread",
    "num_cpus": 8,
    "mhz_per_cpu": 2496,
    "cpu_scaling_enabled": false,
    "aslr_enabled": true,
    "caches": [
      {
        "type": "Data",
        "level": 1,
        "size": 49152,
        "num_sharing": 2
      },
      {
        "type": "Instruction",
        "level": 1,
        "size": 32768,
        "num_sharing": 2
      },
      {
        "type": "Unified",
        "level": 2,
        "size": 1310720,
        "num_sharing": 2
      },
      {
        "type": "Unified",
        "level": 3,
        "size": 10485760,
        "num_sharing": 8
      }
    ],
    "load_avg": [0.265625,0.780273,0.533203],
    "library_version": "v1.9.5",
    "library_build_type": "release",
    "json_schema_version": 1,
    "assertions": "disabled",
    "cxx_compiler": "11.4.0",
    "git_dirty": "true",
    "git_head": "555ef9a82fea7c66fa3fc036725ceccbd79df3b2",
    "key_space": "1000000",
    "miss_policy": "load on miss: a read that misses puts the key",
    "session": "gate-20260915T074453Z",
    "source_tree_sha256": "ee2afa4d248c0bc64aa3c73dffae29d634cb07a9acd1306bbfe3f8dbac766cc7",
    "stream_length_per_thread": "2097152",
    "v3_shard_count": "16",
    "warmup_ops": "max(1000000, 4 x capacity), load on miss, single threaded",
    "zipf_theta": "0.990000"
  },
  "benchmarks": [
    {
      "name": "v2_IntrusiveLru/cap_pct:10/write_pct:5/zipf:1/real_time/threads:1",
      "family_index": 0,
      "per_family_instance_index": 0,
      "run_name": "v2_IntrusiveLru/cap_pct:10/write_pct:5/zipf:1/real_time/threads:1",
      "run_type": "iteration",
      "repetitions": 30,
      "repetition_index": 0,
      "threads": 1,
      "iterations": 28551460,
      "real_time": 2.2575339194580977e+01,
      "cpu_time": 2.2402323558935340e+01,
      "time_unit": "ns",
      "hits": 2.0885557000000000e+07,
      "items_per_second": 4.4296122923373029e+07,
      "miss_puts": 6.2379100000000000e+06,
      "reads": 2.7123467000000000e+07,
      "writes": 1.4279930000000000e+06
    },
    {
      "name": "v2_IntrusiveLru/cap_pct:10/write_pct:5/zipf:1/real_time/threads:1",
      "family_index": 0,
      "per_family_instance_index": 0,
      "run_name": "v2_IntrusiveLru/cap_pct:10/write_pct:5/zipf:1/real_time/threads:1",
      "run_type": "iteration",
      "repetitions": 30,
      "repetition_index": 1,
      "threads": 1,
      "iterations": 28551460,
      "real_time": 2.2824465333907160e+01,
      "cpu_time": 2.2645388221828231e+01,
      "time_unit": "ns",
      "hits": 2.0885557000000000e+07,
      "items_per_second": 4.3812636369380265e+07,
      "miss_puts": 6.2379100000000000e+06,
      "reads": 2.7123467000000000e+07,
      "writes": 1.4279930000000000e+06
    },
    {
      "name": "v2_IntrusiveLru/cap_pct:10/write_pct:5/zipf:1/real_time/threads:1",
      "family_index": 0,
      "per_family_instance_index": 0,
      "run_name": "v2_IntrusiveLru/cap_pct:10/write_pct:5/zipf:1/real_time/threads:1",
      "run_type": "iteration",
      "repetitions": 30,
      "repetition_index": 2,
      "threads": 1,
      "iterations": 28551460,
      "real_time": 2.2143022283335739e+01,
      "cpu_time": 2.1955916615122291e+01,
      "time_unit": "ns",
      "hits": 2.0885557000000000e+07,
      "items_per_second": 4.5160953514126837e+07,
      "miss_puts": 6.2379100000000000e+06,
      "reads": 2.7123467000000000e+07,
      "writes": 1.4279930000000000e+06
    },
    {
      "name": "v2_IntrusiveLru/cap_pct:10/write_pct:5/zipf:1/real_time/threads:1",
      "family_index": 0,
      "per_family_instance_index": 0,
      "run_name": "v2_IntrusiveLru/cap_pct:10/write_pct:5/zipf:1/real_time/threads:1",
      "run_type": "iteration",
      "repetitions": 30,
      "repetition_index": 3,
      "threads": 1,
      "iterations": 28551460,
      "real_time": 2.1939867138124306e+01,
      "cpu_time": 2.1761050468172211e+01,
      "time_unit": "ns",
      "hits": 2.0885557000000000e+07,
      "items_per_second": 4.5579127426087618e+07,
      "miss_puts": 6.2379100000000000e+06,
      "reads": 2.7123467000000000e+07,
      "writes": 1.4279930000000000e+06
    },
    {
      "name": "v2_IntrusiveLru/cap_pct:10/write_pct:5/zipf:1/real_time/threads:1",
      "family_index": 0,
      "per_family_instance_index": 0,
      "run_name": "v2_IntrusiveLru/cap_pct:10/write_pct:5/zipf:1/real_time/threads:1",
      "run_type": "iteration",
      "repetitions": 30,
      "repetition_index": 4,
      "threads": 1,
      "iterations": 28551460,
      "real_time": 2.2195491158844263e+01,
      "cpu_time": 2.2013612788978222e+01,
      "time_unit": "ns",
      "hits": 2.0885557000000000e+07,
      "items_per_second": 4.5054195595105313e+07,
      "miss_puts": 6.2379100000000000e+06,
      "reads": 2.7123467000000000e+07,
      "writes": 1.4279930000000000e+06
    },
    {
      "name": "v2_IntrusiveLru/cap_pct:10/write_pct:5/zipf:1/real_time/threads:1",
      "family_index": 0,
      "per_family_instance_index": 0,
      "run_name": "v2_IntrusiveLru/cap_pct:10/write_pct:5/zipf:1/real_time/threads:1",
      "run_type": "iteration",
      "repetitions": 30,
      "repetition_index": 5,
      "threads": 1,
      "iterations": 28551460,
      "real_time": 2.2944699570581367e+01,
      "cpu_time": 2.2752924649037219e+01,
      "time_unit": "ns",
      "hits": 2.0885557000000000e+07,
      "items_per_second": 4.3583050495991409e+07,
      "miss_puts": 6.2379100000000000e+06,
      "reads": 2.7123467000000000e+07,
      "writes": 1.4279930000000000e+06
    },
    {
      "name": "v2_IntrusiveLru/cap_pct:10/write_pct:5/zipf:1/real_time/threads:1",
      "family_index": 0,
      "per_family_instance_index": 0,
      "run_name": "v2_IntrusiveLru/cap_pct:10/write_pct:5/zipf:1/real_time/threads:1",
      "run_type": "iteration",
      "repetitions": 30,
      "repetition_index": 6,
      "threads": 1,
      "iterations": 28551460,
      "real_time": 2.2874586658532941e+01,
      "cpu_time": 2.2679800822795055e+01,
      "time_unit": "ns",
      "hits": 2.0885557000000000e+07,
      "items_per_second": 4.3716636935468666e+07,
      "miss_puts": 6.2379100000000000e+06,
      "reads": 2.7123467000000000e+07,
      "writes": 1.4279930000000000e+06
    },
    {
      "name": "v2_IntrusiveLru/cap_pct:10/write_pct:5/zipf:1/real_time/threads:1",
      "family_index": 0,
      "per_family_instance_index": 0,
      "run_name": "v2_IntrusiveLru/cap_pct:10/write_pct:5/zipf:1/real_time/threads:1",
      "run_type": "iteration",
      "repetitions": 30,
      "repetition_index": 7,
      "threads": 1,
      "iterations": 28551460,
      "real_time": 2.2857185131785194e+01,
      "cpu_time": 2.2662685025564393e+01,
      "time_unit": "ns",
      "hits": 2.0885557000000000e+07,
      "items_per_second": 4.3749919083842054e+07,
      "miss_puts": 6.2379100000000000e+06,
      "reads": 2.7123467000000000e+07,
      "writes": 1.4279930000000000e+06
    },
    {
      "name": "v2_IntrusiveLru/cap_pct:10/write_pct:5/zipf:1/real_time/threads:1",
      "family_index": 0,
      "per_family_instance_index": 0,
      "run_name": "v2_IntrusiveLru/cap_pct:10/write_pct:5/zipf:1/real_time/threads:1",
      "run_type": "iteration",
      "repetitions": 30,
      "repetition_index": 8,
      "threads": 1,
      "iterations": 28551460,
      "real_time": 2.3168066921904700e+01,
      "cpu_time": 2.2969932991167514e+01,
      "time_unit": "ns",
      "hits": 2.0885557000000000e+07,
      "items_per_second": 4.3162858747379161e+07,
      "miss_puts": 6.2379100000000000e+06,
      "reads": 2.7123467000000000e+07,
      "writes": 1.4279930000000000e+06
    },
    {
      "name": "v2_IntrusiveLru/cap_pct:10/write_pct:5/zipf:1/real_time/threads:1",
      "family_index": 0,
      "per_family_instance_index": 0,
      "run_name": "v2_IntrusiveLru/cap_pct:10/write_pct:5/zipf:1/real_time/threads:1",
      "run_type": "iteration",
      "repetitions": 30,
      "repetition_index": 9,
      "threads": 1,
      "iterations": 28551460,
      "real_time": 2.2365976591002802e+01,
      "cpu_time": 2.2178295120459680e+01,
      "time_unit": "ns",
      "hits": 2.0885557000000000e+07,
      "items_per_second": 4.4710768426819853e+07,
      "miss_puts": 6.2379100000000000e+06,
      "reads": 2.7123467000000000e+07,
      "writes": 1.4279930000000000e+06
    },
    {
      "name": "v2_IntrusiveLru/cap_pct:10/write_pct:5/zipf:1/real_time/threads:1",
      "family_index": 0,
      "per_family_instance_index": 0,
      "run_name": "v2_IntrusiveLru/cap_pct:10/write_pct:5/zipf:1/real_time/threads:1",
      "run_type": "iteration",
      "repetitions": 30,
      "repetition_index": 10,
      "threads": 1,
      "iterations": 28551460,
      "real_time": 2.2287585398448957e+01,
      "cpu_time": 2.2099142775886065e+01,
      "time_unit": "ns",
      "hits": 2.0885557000000000e+07,
      "items_per_second": 4.4868027743803613e+07,
      "miss_puts": 6.2379100000000000e+06,
      "reads": 2.7123467000000000e+07,
      "writes": 1.4279930000000000e+06
    },
    {
      "name": "v2_IntrusiveLru/cap_pct:10/write_pct:5/zipf:1/real_time/threads:1",
      "family_index": 0,
      "per_family_instance_index": 0,
      "run_name": "v2_IntrusiveLru/cap_pct:10/write_pct:5/zipf:1/real_time/threads:1",
      "run_type": "iteration",
      "repetitions": 30,
      "repetition_index": 11,
      "threads": 1,
      "iterations": 28551460,
      "real_time": 2.2364740577195541e+01,
      "cpu_time": 2.2173707929471934e+01,
      "time_unit": "ns",
      "hits": 2.0885557000000000e+07,
      "items_per_second": 4.4713239420253381e+07,
      "miss_puts": 6.2379100000000000e+06,
      "reads": 2.7123467000000000e+07,
      "writes": 1.4279930000000000e+06
    },
    {
      "name": "v2_IntrusiveLru/cap_pct:10/write_pct:5/zipf:1/real_time/threads:1",
      "family_index": 0,
      "per_family_instance_index": 0,
      "run_name": "v2_IntrusiveLru/cap_pct:10/write_pct:5/zipf:1/real_time/threads:1",
      "run_type": "iteration",
      "repetitions": 30,
      "repetition_index": 12,
      "threads": 1,
      "iterations": 28551460,
      "real_time": 2.2458866481762950e+01,
      "cpu_time": 2.2266458492840670e+01,
      "time_unit": "ns",
      "hits": 2.0885557000000000e+07,
      "items_per_second": 4.4525844650798380e+07,
      "miss_puts": 6.2379100000000000e+06,
      "reads": 2.7123467000000000e+07,
      "writes": 1.4279930000000000e+06
    },
    {
      "name": "v2_IntrusiveLru/cap_pct:10/write_pct:5/zipf:1/real_time/threads:1",
      "family_index": 0,
      "per_family_instance_index": 0,
      "run_name": "v2_IntrusiveLru/cap_pct:10/write_pct:5/zipf:1/real_time/threads:1",
      "run_type": "iteration",
      "repetitions": 30,
      "repetition_index": 13,
      "threads": 1,
      "iterations": 28551460,
      "real_time": 2.2563735059417695e+01,
      "cpu_time": 2.2369071248895857e+01,
      "time_unit": "ns",
      "hits": 2.0885557000000000e+07,
      "items_per_second": 4.4318903646345466e+07,
      "miss_puts": 6.2379100000000000e+06,
      "reads": 2.7123467000000000e+07,
      "writes": 1.4279930000000000e+06
    },
    {
      "name": "v2_IntrusiveLru/cap_pct:10/write_pct:5/zipf:1/real_time/threads:1",
      "family_index": 0,
      "per_family_instance_index": 0,
      "run_name": "v2_IntrusiveLru/cap_pct:10/write_pct:5/zipf:1/real_time/threads:1",
      "run_type": "iteration",
      "repetitions": 30,
      "repetition_index": 14,
      "threads": 1,
      "iterations": 28551460,
      "real_time": 2.1797113282497580e+01,
      "cpu_time": 2.2299291209626425e+01,
      "time_unit": "ns",
      "hits": 2.0885557000000000e+07,
      "items_per_second": 4.5877634668392979e+07,
      "miss_puts": 6.2379100000000000e+06,
      "reads": 2.7123467000000000e+07,
      "writes": 1.4279930000000000e+06
    },
    {
      "name": "v2_IntrusiveLru/cap_pct:10/write_pct:5/zipf:1/real_time/threads:1",
      "family_index": 0,
      "per_family_instance_index": 0,
      "run_name": "v2_IntrusiveLru/cap_pct:10/write_pct:5/zipf:1/real_time/threads:1",
      "run_type": "iteration",
      "repetitions": 30,
      "repetition_index": 15,
      "threads": 1,
      "iterations": 28551460,
      "real_time": 2.1665967309661490e+01,
      "cpu_time": 2.2257040165371581e+01,
      "time_unit": "ns",
      "hits": 2.0885557000000000e+07,
      "items_per_second": 4.6155335956501268e+07,
      "miss_puts": 6.2379100000000000e+06,
      "reads": 2.7123467000000000e+07,
      "writes": 1.4279930000000000e+06
    },
    {
      "name": "v2_IntrusiveLru/cap_pct:10/write_pct:5/zipf:1/real_time/threads:1",
      "family_index": 0,
      "per_family_instance_index": 0,
      "run_name": "v2_IntrusiveLru/cap_pct:10/write_pct:5/zipf:1/real_time/threads:1",
      "run_type": "iteration",
      "repetitions": 30,
      "repetition_index": 16,
      "threads": 1,
      "iterations": 28551460,
      "real_time": 2.1875614522041747e+01,
      "cpu_time": 2.2394341270113706e+01,
      "time_unit": "ns",
      "hits": 2.0885557000000000e+07,
      "items_per_second": 4.5713001524707139e+07,
      "miss_puts": 6.2379100000000000e+06,
      "reads": 2.7123467000000000e+07,
      "writes": 1.4279930000000000e+06
    },
    {
      "name": "v2_IntrusiveLru/cap_pct:10/write_pct:5/zipf:1/real_time/threads:1",
      "family_index": 0,
      "per_family_instance_index": 0,
      "run_name": "v2_IntrusiveLru/cap_pct:10/write_pct:5/zipf:1/real_time/threads:1",
      "run_type": "iteration",
      "repetitions": 30,
      "repetition_index": 17,
      "threads": 1,
      "iterations": 28551460,
      "real_time": 2.2697483351079864e+01,
      "cpu_time": 2.3163818417692124e+01,
      "time_unit": "ns",
      "hits": 2.0885557000000000e+07,
      "items_per_second": 4.4057747924393721e+07,
      "miss_puts": 6.2379100000000000e+06,
      "reads": 2.7123467000000000e+07,
      "writes": 1.4279930000000000e+06
    },
    {
      "name": "v2_IntrusiveLru/cap_pct:10/write_pct:5/zipf:1/real_time/threads:1",
      "family_index": 0,
      "per_family_instance_index": 0,
      "run_name": "v2_IntrusiveLru/cap_pct:10/write_pct:5/zipf:1/real_time/threads:1",
      "run_type": "iteration",
      "repetitions": 30,
      "repetition_index": 18,
      "threads": 1,
      "iterations": 28551460,
      "real_time": 2.3170787553474355e+01,
      "cpu_time": 2.3600906503555326e+01,
      "time_unit": "ns",
      "hits": 2.0885557000000000e+07,
      "items_per_second": 4.3157790717823684e+07,
      "miss_puts": 6.2379100000000000e+06,
      "reads": 2.7123467000000000e+07,
      "writes": 1.4279930000000000e+06
    },
    {
      "name": "v2_IntrusiveLru/cap_pct:10/write_pct:5/zipf:1/real_time/threads:1",
      "family_index": 0,
      "per_family_instance_index": 0,
      "run_name": "v2_IntrusiveLru/cap_pct:10/write_pct:5/zipf:1/real_time/threads:1",
      "run_type": "iteration",
      "repetitions": 30,
      "repetition_index": 19,
      "threads": 1,
      "iterations": 28551460,
      "real_time": 2.3058889002567508e+01,
      "cpu_time": 2.3423400974941394e+01,
      "time_unit": "ns",
      "hits": 2.0885557000000000e+07,
      "items_per_second": 4.3367223802007735e+07,
      "miss_puts": 6.2379100000000000e+06,
      "reads": 2.7123467000000000e+07,
      "writes": 1.4279930000000000e+06
    },
    {
      "name": "v2_IntrusiveLru/cap_pct:10/write_pct:5/zipf:1/real_time/threads:1",
      "family_index": 0,
      "per_family_instance_index": 0,
      "run_name": "v2_IntrusiveLru/cap_pct:10/write_pct:5/zipf:1/real_time/threads:1",
      "run_type": "iteration",
      "repetitions": 30,
      "repetition_index": 20,
      "threads": 1,
      "iterations": 28551460,
      "real_time": 2.3004908540573997e+01,
      "cpu_time": 2.3310678157964613e+01,
      "time_unit": "ns",
      "hits": 2.0885557000000000e+07,
      "items_per_second": 4.3468983944721609e+07,
      "miss_puts": 6.2379100000000000e+06,
      "reads": 2.7123467000000000e+07,
      "writes": 1.4279930000000000e+06
    },
    {
      "name": "v2_IntrusiveLru/cap_pct:10/write_pct:5/zipf:1/real_time/threads:1",
      "family_index": 0,
      "per_family_instance_index": 0,
      "run_name": "v2_IntrusiveLru/cap_pct:10/write_pct:5/zipf:1/real_time/threads:1",
      "run_type": "iteration",
      "repetitions": 30,
      "repetition_index": 21,
      "threads": 1,
      "iterations": 28551460,
      "real_time": 2.2884893206901491e+01,
      "cpu_time": 2.3155375556976768e+01,
      "time_unit": "ns",
      "hits": 2.0885557000000000e+07,
      "items_per_second": 4.3696948504807793e+07,
      "miss_puts": 6.2379100000000000e+06,
      "reads": 2.7123467000000000e+07,
      "writes": 1.4279930000000000e+06
    },
    {
      "name": "v2_IntrusiveLru/cap_pct:10/write_pct:5/zipf:1/real_time/threads:1",
      "family_index": 0,
      "per_family_instance_index": 0,
      "run_name": "v2_IntrusiveLru/cap_pct:10/write_pct:5/zipf:1/real_time/threads:1",
      "run_type": "iteration",
      "repetitions": 30,
      "repetition_index": 22,
      "threads": 1,
      "iterations": 28551460,
      "real_time": 2.3104681056522498e+01,
      "cpu_time": 2.3333173434913629e+01,
      "time_unit": "ns",
      "hits": 2.0885557000000000e+07,
      "items_per_second": 4.3281272637074463e+07,
      "miss_puts": 6.2379100000000000e+06,
      "reads": 2.7123467000000000e+07,
      "writes": 1.4279930000000000e+06
    },
    {
      "name": "v2_IntrusiveLru/cap_pct:10/write_pct:5/zipf:1/real_time/threads:1",
      "family_index": 0,
      "per_family_instance_index": 0,
      "run_name": "v2_IntrusiveLru/cap_pct:10/write_pct:5/zipf:1/real_time/threads:1",
      "run_type": "iteration",
      "repetitions": 30,
      "repetition_index": 23,
      "threads": 1,
      "iterations": 28551460,
      "real_time": 2.3230420966164758e+01,
      "cpu_time": 2.3410929668745528e+01,
      "time_unit": "ns",
      "hits": 2.0885557000000000e+07,
      "items_per_second": 4.3047002956016414e+07,
      "miss_puts": 6.2379100000000000e+06,
      "reads": 2.7123467000000000e+07,
      "writes": 1.4279930000000000e+06
    },
    {
      "name": "v2_IntrusiveLru/cap_pct:10/write_pct:5/zipf:1/real_time/threads:1",
      "family_index": 0,
      "per_family_instance_index": 0,
      "run_name": "v2_IntrusiveLru/cap_pct:10/write_pct:5/zipf:1/real_time/threads:1",
      "run_type": "iteration",
      "repetitions": 30,
      "repetition_index": 24,
      "threads": 1,
      "iterations": 28551460,
      "real_time": 2.3355811786841283e+01,
      "cpu_time": 2.3510786979019628e+01,
      "time_unit": "ns",
      "hits": 2.0885557000000000e+07,
      "items_per_second": 4.2815895637735970e+07,
      "miss_puts": 6.2379100000000000e+06,
      "reads": 2.7123467000000000e+07,
      "writes": 1.4279930000000000e+06
    },
    {
      "name": "v2_IntrusiveLru/cap_pct:10/write_pct:5/zipf:1/real_time/threads:1",
      "family_index": 0,
      "per_family_instance_index": 0,
      "run_name": "v2_IntrusiveLru/cap_pct:10/write_pct:5/zipf:1/real_time/threads:1",
      "run_type": "iteration",
      "repetitions": 30,
      "repetition_index": 25,
      "threads": 1,
      "iterations": 28551460,
      "real_time": 2.3156477987491076e+01,
      "cpu_time": 2.3279757882784320e+01,
      "time_unit": "ns",
      "hits": 2.0885557000000000e+07,
      "items_per_second": 4.3184460112638511e+07,
      "miss_puts": 6.2379100000000000e+06,
      "reads": 2.7123467000000000e+07,
      "writes": 1.4279930000000000e+06
    },
    {
      "name": "v2_IntrusiveLru/cap_pct:10/write_pct:5/zipf:1/real_time/threads:1",
      "family_index": 0,
      "per_family_instance_index": 0,
      "run_name": "v2_IntrusiveLru/cap_pct:10/write_pct:5/zipf:1/real_time/threads:1",
      "run_type": "iteration",
      "repetitions": 30,
      "repetition_index": 26,
      "threads": 1,
      "iterations": 28551460,
      "real_time": 2.3543491050842754e+01,
      "cpu_time": 2.3629151153741297e+01,
      "time_unit": "ns",
      "hits": 2.0885557000000000e+07,
      "items_per_second": 4.2474584497281022e+07,
      "miss_puts": 6.2379100000000000e+06,
      "reads": 2.7123467000000000e+07,
      "writes": 1.4279930000000000e+06
    },
    {
      "name": "v2_IntrusiveLru/cap_pct:10/write_pct:5/zipf:1/real_time/threads:1",
      "family_index": 0,
      "per_family_instance_index": 0,
      "run_name": "v2_IntrusiveLru/cap_pct:10/write_pct:5/zipf:1/real_time/threads:1",
      "run_type": "iteration",
      "repetitions": 30,
      "repetition_index": 27,
      "threads": 1,
      "iterations": 28551460,
      "real_time": 2.3301770312246035e+01,
      "cpu_time": 2.3365976801186370e+01,
      "time_unit": "ns",
      "hits": 2.0885557000000000e+07,
      "items_per_second": 4.2915194279228605e+07,
      "miss_puts": 6.2379100000000000e+06,
      "reads": 2.7123467000000000e+07,
      "writes": 1.4279930000000000e+06
    },
    {
      "name": "v2_IntrusiveLru/cap_pct:10/write_pct:5/zipf:1/real_time/threads:1",
      "family_index": 0,
      "per_family_instance_index": 0,
      "run_name": "v2_IntrusiveLru/cap_pct:10/write_pct:5/zipf:1/real_time/threads:1",
      "run_type": "iteration",
      "repetitions": 30,
      "repetition_index": 28,
      "threads": 1,
      "iterations": 28551460,
      "real_time": 2.3309775016718660e+01,
      "cpu_time": 2.3354261988703840e+01,
      "time_unit": "ns",
      "hits": 2.0885557000000000e+07,
      "items_per_second": 4.2900456966348320e+07,
      "miss_puts": 6.2379100000000000e+06,
      "reads": 2.7123467000000000e+07,
      "writes": 1.4279930000000000e+06
    },
    {
      "name": "v2_IntrusiveLru/cap_pct:10/write_pct:5/zipf:1/real_time/threads:1",
      "family_index": 0,
      "per_family_instance_index": 0,
      "run_name": "v2_IntrusiveLru/cap_pct:10/write_pct:5/zipf:1/real_time/threads:1",
      "run_type": "iteration",
      "repetitions": 30,
      "repetition_index": 29,
      "threads": 1,
      "iterations": 28551460,
      "real_time": 2.3502068020415109e+01,
      "cpu_time": 2.3513916135987397e+01,
      "time_unit": "ns",
      "hits": 2.0885557000000000e+07,
      "items_per_second": 4.2549447101052918e+07,
      "miss_puts": 6.2379100000000000e+06,
      "reads": 2.7123467000000000e+07,
      "writes": 1.4279930000000000e+06
    },
    {
      "name": "v2_IntrusiveLru/cap_pct:10/write_pct:5/zipf:1/real_time/threads:1_mean",
      "family_index": 0,
      "per_family_instance_index": 0,
      "run_name": "v2_IntrusiveLru/cap_pct:10/write_pct:5/zipf:1/real_time/threads:1",
      "run_type": "aggregate",
      "repetitions": 30,
      "threads": 1,
      "aggregate_name": "mean",
      "aggregate_unit": "time",
      "iterations": 30,
      "real_time": 2.2740792682182157e+01,
      "cpu_time": 2.2797770567015956e+01,
      "time_unit": "ns",
      "hits": 2.0885557000000000e+07,
      "items_per_second": 4.3997175540316917e+07,
      "miss_puts": 6.2379100000000000e+06,
      "reads": 2.7123467000000000e+07,
      "writes": 1.4279930000000000e+06
    },
    {
      "name": "v2_IntrusiveLru/cap_pct:10/write_pct:5/zipf:1/real_time/threads:1_median",
      "family_index": 0,
      "per_family_instance_index": 0,
      "run_name": "v2_IntrusiveLru/cap_pct:10/write_pct:5/zipf:1/real_time/threads:1",
      "run_type": "aggregate",
      "repetitions": 30,
      "threads": 1,
      "aggregate_name": "median",
      "aggregate_unit": "time",
      "iterations": 30,
      "real_time": 2.2865885895159067e+01,
      "cpu_time": 2.2716362735916132e+01,
      "time_unit": "ns",
      "hits": 2.0885557000000000e+07,
      "items_per_second": 4.3733278009655356e+07,
      "miss_puts": 6.2379100000000000e+06,
      "reads": 2.7123467000000000e+07,
      "writes": 1.4279930000000000e+06
    },
    {
      "name": "v2_IntrusiveLru/cap_pct:10/write_pct:5/zipf:1/real_time/threads:1_stddev",
      "family_index": 0,
      "per_family_instance_index": 0,
      "run_name": "v2_IntrusiveLru/cap_pct:10/write_pct:5/zipf:1/real_time/threads:1",
      "run_type": "aggregate",
      "repetitions": 30,
      "threads": 1,
      "aggregate_name": "stddev",
      "aggregate_unit": "time",
      "iterations": 30,
      "real_time": 5.2988445288251573e-01,
      "cpu_time": 5.8351262198579323e-01,
      "time_unit": "ns",
      "hits": 0.0000000000000000e+00,
      "items_per_second": 1.0362302913154273e+06,
      "miss_puts": 0.0000000000000000e+00,
      "reads": 0.0000000000000000e+00,
      "writes": 0.0000000000000000e+00
    },
    {
      "name": "v2_IntrusiveLru/cap_pct:10/write_pct:5/zipf:1/real_time/threads:1_cv",
      "family_index": 0,
      "per_family_instance_index": 0,
      "run_name": "v2_IntrusiveLru/cap_pct:10/write_pct:5/zipf:1/real_time/threads:1",
      "run_type": "aggregate",
      "repetitions": 30,
      "threads": 1,
      "aggregate_name": "cv",
      "aggregate_unit": "percentage",
      "iterations": 30,
      "real_time": 2.3301054641674399e-02,
      "cpu_time": 2.5595161608917377e-02,
      "time_unit": "ns",
      "hits": 0.0000000000000000e+00,
      "items_per_second": 2.3552200308082850e-02,
      "miss_puts": 0.0000000000000000e+00,
      "reads": 0.0000000000000000e+00,
      "writes": 0.0000000000000000e+00
    }
  ]
}
