{
  "context": {
    "date": "2026-09-15T05:29:41-06:00",
    "host_name": "LAPTOP-EMHRSRSA",
    "executable": "/home/shaheer/projects/lru-bench/build/gcc-release/bench/bench_single_thread",
    "num_cpus": 8,
    "mhz_per_cpu": 2496,
    "cpu_scaling_enabled": false,
    "aslr_enabled": true,
    "caches": [
      {
        "type": "Data",
        "level": 1,
        "size": 49152,
        "num_sharing": 2
      },
      {
        "type": "Instruction",
        "level": 1,
        "size": 32768,
        "num_sharing": 2
      },
      {
        "type": "Unified",
        "level": 2,
        "size": 1310720,
        "num_sharing": 2
      },
      {
        "type": "Unified",
        "level": 3,
        "size": 10485760,
        "num_sharing": 8
      }
    ],
    "load_avg": [0.288574,0.078125,0.0258789],
    "library_version": "v1.9.5",
    "library_build_type": "release",
    "json_schema_version": 1,
    "assertions": "disabled",
    "cxx_compiler": "11.4.0",
    "git_dirty": "true",
    "git_head": "555ef9a82fea7c66fa3fc036725ceccbd79df3b2",
    "key_space": "1000000",
    "miss_policy": "load on miss: a read that misses puts the key",
    "session": "gate-before-session1-retry-20260915T112938Z",
    "source_tree_sha256": "ee2afa4d248c0bc64aa3c73dffae29d634cb07a9acd1306bbfe3f8dbac766cc7",
    "stream_length_per_thread": "2097152",
    "v3_shard_count": "16",
    "warmup_ops": "max(1000000, 4 x capacity), load on miss, single threaded",
    "zipf_theta": "0.990000"
  },
  "benchmarks": [
    {
      "name": "v2_IntrusiveLru/cap_pct:10/write_pct:5/zipf:1/real_time/threads:1",
      "family_index": 0,
      "per_family_instance_index": 0,
      "run_name": "v2_IntrusiveLru/cap_pct:10/write_pct:5/zipf:1/real_time/threads:1",
      "run_type": "iteration",
      "repetitions": 30,
      "repetition_index": 0,
      "threads": 1,
      "iterations": 30594196,
      "real_time": 2.4039611467542535e+01,
      "cpu_time": 2.4007562349407710e+01,
      "time_unit": "ns",
      "hits": 2.2379894000000000e+07,
      "items_per_second": 4.1598010073921785e+07,
      "miss_puts": 6.6842150000000000e+06,
      "reads": 2.9064109000000000e+07,
      "writes": 1.5300870000000000e+06
    },
    {
      "name": "v2_IntrusiveLru/cap_pct:10/write_pct:5/zipf:1/real_time/threads:1",
      "family_index": 0,
      "per_family_instance_index": 0,
      "run_name": "v2_IntrusiveLru/cap_pct:10/write_pct:5/zipf:1/real_time/threads:1",
      "run_type": "iteration",
      "repetitions": 30,
      "repetition_index": 1,
      "threads": 1,
      "iterations": 30594196,
      "real_time": 2.2962845501774208e+01,
      "cpu_time": 2.2924728500791456e+01,
      "time_unit": "ns",
      "hits": 2.2379894000000000e+07,
      "items_per_second": 4.3548609858596824e+07,
      "miss_puts": 6.6842150000000000e+06,
      "reads": 2.9064109000000000e+07,
      "writes": 1.5300870000000000e+06
    },
    {
      "name": "v2_IntrusiveLru/cap_pct:10/write_pct:5/zipf:1/real_time/threads:1",
      "family_index": 0,
      "per_family_instance_index": 0,
      "run_name": "v2_IntrusiveLru/cap_pct:10/write_pct:5/zipf:1/real_time/threads:1",
      "run_type": "iteration",
      "repetitions": 30,
      "repetition_index": 2,
      "threads": 1,
      "iterations": 30594196,
      "real_time": 2.3433179809631380e+01,
      "cpu_time": 2.3368087038469653e+01,
      "time_unit": "ns",
      "hits": 2.2379894000000000e+07,
      "items_per_second": 4.2674532783168651e+07,
      "miss_puts": 6.6842150000000000e+06,
      "reads": 2.9064109000000000e+07,
      "writes": 1.5300870000000000e+06
    },
    {
      "name": "v2_IntrusiveLru/cap_pct:10/write_pct:5/zipf:1/real_time/threads:1",
      "family_index": 0,
      "per_family_instance_index": 0,
      "run_name": "v2_IntrusiveLru/cap_pct:10/write_pct:5/zipf:1/real_time/threads:1",
      "run_type": "iteration",
      "repetitions": 30,
      "repetition_index": 3,
      "threads": 1,
      "iterations": 30594196,
      "real_time": 2.3726625206922158e+01,
      "cpu_time": 2.3668476628704347e+01,
      "time_unit": "ns",
      "hits": 2.2379894000000000e+07,
      "items_per_second": 4.2146744059844367e+07,
      "miss_puts": 6.6842150000000000e+06,
      "reads": 2.9064109000000000e+07,
      "writes": 1.5300870000000000e+06
    },
    {
      "name": "v2_IntrusiveLru/cap_pct:10/write_pct:5/zipf:1/real_time/threads:1",
      "family_index": 0,
      "per_family_instance_index": 0,
      "run_name": "v2_IntrusiveLru/cap_pct:10/write_pct:5/zipf:1/real_time/threads:1",
      "run_type": "iteration",
      "repetitions": 30,
      "repetition_index": 4,
      "threads": 1,
      "iterations": 30594196,
      "real_time": 2.3883258706973606e+01,
      "cpu_time": 2.3818122757662927e+01,
      "time_unit": "ns",
      "hits": 2.2379894000000000e+07,
      "items_per_second": 4.1870333201558165e+07,
      "miss_puts": 6.6842150000000000e+06,
      "reads": 2.9064109000000000e+07,
      "writes": 1.5300870000000000e+06
    },
    {
      "name": "v2_IntrusiveLru/cap_pct:10/write_pct:5/zipf:1/real_time/threads:1",
      "family_index": 0,
      "per_family_instance_index": 0,
      "run_name": "v2_IntrusiveLru/cap_pct:10/write_pct:5/zipf:1/real_time/threads:1",
      "run_type": "iteration",
      "repetitions": 30,
      "repetition_index": 5,
      "threads": 1,
      "iterations": 30594196,
      "real_time": 2.3629623050169869e+01,
      "cpu_time": 2.3559655432684043e+01,
      "time_unit": "ns",
      "hits": 2.2379894000000000e+07,
      "items_per_second": 4.2319760999861196e+07,
      "miss_puts": 6.6842150000000000e+06,
      "reads": 2.9064109000000000e+07,
      "writes": 1.5300870000000000e+06
    },
    {
      "name": "v2_IntrusiveLru/cap_pct:10/write_pct:5/zipf:1/real_time/threads:1",
      "family_index": 0,
      "per_family_instance_index": 0,
      "run_name": "v2_IntrusiveLru/cap_pct:10/write_pct:5/zipf:1/real_time/threads:1",
      "run_type": "iteration",
      "repetitions": 30,
      "repetition_index": 6,
      "threads": 1,
      "iterations": 30594196,
      "real_time": 2.3683512617839103e+01,
      "cpu_time": 2.3605837558208751e+01,
      "time_unit": "ns",
      "hits": 2.2379894000000000e+07,
      "items_per_second": 4.2223466431528032e+07,
      "miss_puts": 6.6842150000000000e+06,
      "reads": 2.9064109000000000e+07,
      "writes": 1.5300870000000000e+06
    },
    {
      "name": "v2_IntrusiveLru/cap_pct:10/write_pct:5/zipf:1/real_time/threads:1",
      "family_index": 0,
      "per_family_instance_index": 0,
      "run_name": "v2_IntrusiveLru/cap_pct:10/write_pct:5/zipf:1/real_time/threads:1",
      "run_type": "iteration",
      "repetitions": 30,
      "repetition_index": 7,
      "threads": 1,
      "iterations": 30594196,
      "real_time": 2.4233030997120814e+01,
      "cpu_time": 2.4148378829762358e+01,
      "time_unit": "ns",
      "hits": 2.2379894000000000e+07,
      "items_per_second": 4.1265989389392212e+07,
      "miss_puts": 6.6842150000000000e+06,
      "reads": 2.9064109000000000e+07,
      "writes": 1.5300870000000000e+06
    },
    {
      "name": "v2_IntrusiveLru/cap_pct:10/write_pct:5/zipf:1/real_time/threads:1",
      "family_index": 0,
      "per_family_instance_index": 0,
      "run_name": "v2_IntrusiveLru/cap_pct:10/write_pct:5/zipf:1/real_time/threads:1",
      "run_type": "iteration",
      "repetitions": 30,
      "repetition_index": 8,
      "threads": 1,
      "iterations": 30594196,
      "real_time": 2.3934847315471927e+01,
      "cpu_time": 2.3847436879857870e+01,
      "time_unit": "ns",
      "hits": 2.2379894000000000e+07,
      "items_per_second": 4.1780086867467977e+07,
      "miss_puts": 6.6842150000000000e+06,
      "reads": 2.9064109000000000e+07,
      "writes": 1.5300870000000000e+06
    },
    {
      "name": "v2_IntrusiveLru/cap_pct:10/write_pct:5/zipf:1/real_time/threads:1",
      "family_index": 0,
      "per_family_instance_index": 0,
      "run_name": "v2_IntrusiveLru/cap_pct:10/write_pct:5/zipf:1/real_time/threads:1",
      "run_type": "iteration",
      "repetitions": 30,
      "repetition_index": 9,
      "threads": 1,
      "iterations": 30594196,
      "real_time": 2.9426486906186025e+01,
      "cpu_time": 2.9310681509656252e+01,
      "time_unit": "ns",
      "hits": 2.2379894000000000e+07,
      "items_per_second": 3.3982989651060946e+07,
      "miss_puts": 6.6842150000000000e+06,
      "reads": 2.9064109000000000e+07,
      "writes": 1.5300870000000000e+06
    },
    {
      "name": "v2_IntrusiveLru/cap_pct:10/write_pct:5/zipf:1/real_time/threads:1",
      "family_index": 0,
      "per_family_instance_index": 0,
      "run_name": "v2_IntrusiveLru/cap_pct:10/write_pct:5/zipf:1/real_time/threads:1",
      "run_type": "iteration",
      "repetitions": 30,
      "repetition_index": 10,
      "threads": 1,
      "iterations": 30594196,
      "real_time": 2.9240957402417656e+01,
      "cpu_time": 2.9119058203065716e+01,
      "time_unit": "ns",
      "hits": 2.2379894000000000e+07,
      "items_per_second": 3.4198606640606083e+07,
      "miss_puts": 6.6842150000000000e+06,
      "reads": 2.9064109000000000e+07,
      "writes": 1.5300870000000000e+06
    },
    {
      "name": "v2_IntrusiveLru/cap_pct:10/write_pct:5/zipf:1/real_time/threads:1",
      "family_index": 0,
      "per_family_instance_index": 0,
      "run_name": "v2_IntrusiveLru/cap_pct:10/write_pct:5/zipf:1/real_time/threads:1",
      "run_type": "iteration",
      "repetitions": 30,
      "repetition_index": 11,
      "threads": 1,
      "iterations": 30594196,
      "real_time": 2.9446759411429372e+01,
      "cpu_time": 2.9318568593860089e+01,
      "time_unit": "ns",
      "hits": 2.2379894000000000e+07,
      "items_per_second": 3.3959594196020879e+07,
      "miss_puts": 6.6842150000000000e+06,
      "reads": 2.9064109000000000e+07,
      "writes": 1.5300870000000000e+06
    },
    {
      "name": "v2_IntrusiveLru/cap_pct:10/write_pct:5/zipf:1/real_time/threads:1",
      "family_index": 0,
      "per_family_instance_index": 0,
      "run_name": "v2_IntrusiveLru/cap_pct:10/write_pct:5/zipf:1/real_time/threads:1",
      "run_type": "iteration",
      "repetitions": 30,
      "repetition_index": 12,
      "threads": 1,
      "iterations": 30594196,
      "real_time": 2.9063136092917464e+01,
      "cpu_time": 2.8932511937885259e+01,
      "time_unit": "ns",
      "hits": 2.2379894000000000e+07,
      "items_per_second": 3.4407849063601054e+07,
      "miss_puts": 6.6842150000000000e+06,
      "reads": 2.9064109000000000e+07,
      "writes": 1.5300870000000000e+06
    },
    {
      "name": "v2_IntrusiveLru/cap_pct:10/write_pct:5/zipf:1/real_time/threads:1",
      "family_index": 0,
      "per_family_instance_index": 0,
      "run_name": "v2_IntrusiveLru/cap_pct:10/write_pct:5/zipf:1/real_time/threads:1",
      "run_type": "iteration",
      "repetitions": 30,
      "repetition_index": 13,
      "threads": 1,
      "iterations": 30594196,
      "real_time": 2.9354577221089009e+01,
      "cpu_time": 2.9219063870807393e+01,
      "time_unit": "ns",
      "hits": 2.2379894000000000e+07,
      "items_per_second": 3.4066237522970587e+07,
      "miss_puts": 6.6842150000000000e+06,
      "reads": 2.9064109000000000e+07,
      "writes": 1.5300870000000000e+06
    },
    {
      "name": "v2_IntrusiveLru/cap_pct:10/write_pct:5/zipf:1/real_time/threads:1",
      "family_index": 0,
      "per_family_instance_index": 0,
      "run_name": "v2_IntrusiveLru/cap_pct:10/write_pct:5/zipf:1/real_time/threads:1",
      "run_type": "iteration",
      "repetitions": 30,
      "repetition_index": 14,
      "threads": 1,
      "iterations": 30594196,
      "real_time": 2.9225400039835623e+01,
      "cpu_time": 2.9086109241112251e+01,
      "time_unit": "ns",
      "hits": 2.2379894000000000e+07,
      "items_per_second": 3.4216811357139751e+07,
      "miss_puts": 6.6842150000000000e+06,
      "reads": 2.9064109000000000e+07,
      "writes": 1.5300870000000000e+06
    },
    {
      "name": "v2_IntrusiveLru/cap_pct:10/write_pct:5/zipf:1/real_time/threads:1",
      "family_index": 0,
      "per_family_instance_index": 0,
      "run_name": "v2_IntrusiveLru/cap_pct:10/write_pct:5/zipf:1/real_time/threads:1",
      "run_type": "iteration",
      "repetitions": 30,
      "repetition_index": 15,
      "threads": 1,
      "iterations": 30594196,
      "real_time": 2.9250271391361547e+01,
      "cpu_time": 2.9108242524170297e+01,
      "time_unit": "ns",
      "hits": 2.2379894000000000e+07,
      "items_per_second": 3.4187716982869737e+07,
      "miss_puts": 6.6842150000000000e+06,
      "reads": 2.9064109000000000e+07,
      "writes": 1.5300870000000000e+06
    },
    {
      "name": "v2_IntrusiveLru/cap_pct:10/write_pct:5/zipf:1/real_time/threads:1",
      "family_index": 0,
      "per_family_instance_index": 0,
      "run_name": "v2_IntrusiveLru/cap_pct:10/write_pct:5/zipf:1/real_time/threads:1",
      "run_type": "iteration",
      "repetitions": 30,
      "repetition_index": 16,
      "threads": 1,
      "iterations": 30594196,
      "real_time": 2.9727998474040724e+01,
      "cpu_time": 2.9579493737962594e+01,
      "time_unit": "ns",
      "hits": 2.2379894000000000e+07,
      "items_per_second": 3.3638322501705810e+07,
      "miss_puts": 6.6842150000000000e+06,
      "reads": 2.9064109000000000e+07,
      "writes": 1.5300870000000000e+06
    },
    {
      "name": "v2_IntrusiveLru/cap_pct:10/write_pct:5/zipf:1/real_time/threads:1",
      "family_index": 0,
      "per_family_instance_index": 0,
      "run_name": "v2_IntrusiveLru/cap_pct:10/write_pct:5/zipf:1/real_time/threads:1",
      "run_type": "iteration",
      "repetitions": 30,
      "repetition_index": 17,
      "threads": 1,
      "iterations": 30594196,
      "real_time": 2.3469398999815446e+01,
      "cpu_time": 2.3351267802559708e+01,
      "time_unit": "ns",
      "hits": 2.2379894000000000e+07,
      "items_per_second": 4.2608675237395875e+07,
      "miss_puts": 6.6842150000000000e+06,
      "reads": 2.9064109000000000e+07,
      "writes": 1.5300870000000000e+06
    },
    {
      "name": "v2_IntrusiveLru/cap_pct:10/write_pct:5/zipf:1/real_time/threads:1",
      "family_index": 0,
      "per_family_instance_index": 0,
      "run_name": "v2_IntrusiveLru/cap_pct:10/write_pct:5/zipf:1/real_time/threads:1",
      "run_type": "iteration",
      "repetitions": 30,
      "repetition_index": 18,
      "threads": 1,
      "iterations": 30594196,
      "real_time": 2.3565062046361646e+01,
      "cpu_time": 2.3447583162505698e+01,
      "time_unit": "ns",
      "hits": 2.2379894000000000e+07,
      "items_per_second": 4.2435704095860682e+07,
      "miss_puts": 6.6842150000000000e+06,
      "reads": 2.9064109000000000e+07,
      "writes": 1.5300870000000000e+06
    },
    {
      "name": "v2_IntrusiveLru/cap_pct:10/write_pct:5/zipf:1/real_time/threads:1",
      "family_index": 0,
      "per_family_instance_index": 0,
      "run_name": "v2_IntrusiveLru/cap_pct:10/write_pct:5/zipf:1/real_time/threads:1",
      "run_type": "iteration",
      "repetitions": 30,
      "repetition_index": 19,
      "threads": 1,
      "iterations": 30594196,
      "real_time": 2.4110478536520223e+01,
      "cpu_time": 2.3990539806962143e+01,
      "time_unit": "ns",
      "hits": 2.2379894000000000e+07,
      "items_per_second": 4.1475742527685486e+07,
      "miss_puts": 6.6842150000000000e+06,
      "reads": 2.9064109000000000e+07,
      "writes": 1.5300870000000000e+06
    },
    {
      "name": "v2_IntrusiveLru/cap_pct:10/write_pct:5/zipf:1/real_time/threads:1",
      "family_index": 0,
      "per_family_instance_index": 0,
      "run_name": "v2_IntrusiveLru/cap_pct:10/write_pct:5/zipf:1/real_time/threads:1",
      "run_type": "iteration",
      "repetitions": 30,
      "repetition_index": 20,
      "threads": 1,
      "iterations": 30594196,
      "real_time": 2.3854285564425915e+01,
      "cpu_time": 2.3733829187732145e+01,
      "time_unit": "ns",
      "hits": 2.2379894000000000e+07,
      "items_per_second": 4.1921188429608971e+07,
      "miss_puts": 6.6842150000000000e+06,
      "reads": 2.9064109000000000e+07,
      "writes": 1.5300870000000000e+06
    },
    {
      "name": "v2_IntrusiveLru/cap_pct:10/write_pct:5/zipf:1/real_time/threads:1",
      "family_index": 0,
      "per_family_instance_index": 0,
      "run_name": "v2_IntrusiveLru/cap_pct:10/write_pct:5/zipf:1/real_time/threads:1",
      "run_type": "iteration",
      "repetitions": 30,
      "repetition_index": 21,
      "threads": 1,
      "iterations": 30594196,
      "real_time": 2.4991112431920563e+01,
      "cpu_time": 2.4863502574148367e+01,
      "time_unit": "ns",
      "hits": 2.2379894000000000e+07,
      "items_per_second": 4.0014225166012362e+07,
      "miss_puts": 6.6842150000000000e+06,
      "reads": 2.9064109000000000e+07,
      "writes": 1.5300870000000000e+06
    },
    {
      "name": "v2_IntrusiveLru/cap_pct:10/write_pct:5/zipf:1/real_time/threads:1",
      "family_index": 0,
      "per_family_instance_index": 0,
      "run_name": "v2_IntrusiveLru/cap_pct:10/write_pct:5/zipf:1/real_time/threads:1",
      "run_type": "iteration",
      "repetitions": 30,
      "repetition_index": 22,
      "threads": 1,
      "iterations": 30594196,
      "real_time": 2.3517462887359006e+01,
      "cpu_time": 2.3397096462348614e+01,
      "time_unit": "ns",
      "hits": 2.2379894000000000e+07,
      "items_per_second": 4.2521593625540078e+07,
      "miss_puts": 6.6842150000000000e+06,
      "reads": 2.9064109000000000e+07,
      "writes": 1.5300870000000000e+06
    },
    {
      "name": "v2_IntrusiveLru/cap_pct:10/write_pct:5/zipf:1/real_time/threads:1",
      "family_index": 0,
      "per_family_instance_index": 0,
      "run_name": "v2_IntrusiveLru/cap_pct:10/write_pct:5/zipf:1/real_time/threads:1",
      "run_type": "iteration",
      "repetitions": 30,
      "repetition_index": 23,
      "threads": 1,
      "iterations": 30594196,
      "real_time": 2.3671683544163123e+01,
      "cpu_time": 2.3548593497930074e+01,
      "time_unit": "ns",
      "hits": 2.2379894000000000e+07,
      "items_per_second": 4.2244566092409439e+07,
      "miss_puts": 6.6842150000000000e+06,
      "reads": 2.9064109000000000e+07,
      "writes": 1.5300870000000000e+06
    },
    {
      "name": "v2_IntrusiveLru/cap_pct:10/write_pct:5/zipf:1/real_time/threads:1",
      "family_index": 0,
      "per_family_instance_index": 0,
      "run_name": "v2_IntrusiveLru/cap_pct:10/write_pct:5/zipf:1/real_time/threads:1",
      "run_type": "iteration",
      "repetitions": 30,
      "repetition_index": 24,
      "threads": 1,
      "iterations": 30594196,
      "real_time": 2.3039899953479512e+01,
      "cpu_time": 2.3446192245091158e+01,
      "time_unit": "ns",
      "hits": 2.2379894000000000e+07,
      "items_per_second": 4.3402966246343397e+07,
      "miss_puts": 6.6842150000000000e+06,
      "reads": 2.9064109000000000e+07,
      "writes": 1.5300870000000000e+06
    },
    {
      "name": "v2_IntrusiveLru/cap_pct:10/write_pct:5/zipf:1/real_time/threads:1",
      "family_index": 0,
      "per_family_instance_index": 0,
      "run_name": "v2_IntrusiveLru/cap_pct:10/write_pct:5/zipf:1/real_time/threads:1",
      "run_type": "iteration",
      "repetitions": 30,
      "repetition_index": 25,
      "threads": 1,
      "iterations": 30594196,
      "real_time": 2.4558464160997762e+01,
      "cpu_time": 2.4943882199094222e+01,
      "time_unit": "ns",
      "hits": 2.2379894000000000e+07,
      "items_per_second": 4.0719158716290504e+07,
      "miss_puts": 6.6842150000000000e+06,
      "reads": 2.9064109000000000e+07,
      "writes": 1.5300870000000000e+06
    },
    {
      "name": "v2_IntrusiveLru/cap_pct:10/write_pct:5/zipf:1/real_time/threads:1",
      "family_index": 0,
      "per_family_instance_index": 0,
      "run_name": "v2_IntrusiveLru/cap_pct:10/write_pct:5/zipf:1/real_time/threads:1",
      "run_type": "iteration",
      "repetitions": 30,
      "repetition_index": 26,
      "threads": 1,
      "iterations": 30594196,
      "real_time": 2.3082723468149901e+01,
      "cpu_time": 2.3401942806406829e+01,
      "time_unit": "ns",
      "hits": 2.2379894000000000e+07,
      "items_per_second": 4.3322444224565797e+07,
      "miss_puts": 6.6842150000000000e+06,
      "reads": 2.9064109000000000e+07,
      "writes": 1.5300870000000000e+06
    },
    {
      "name": "v2_IntrusiveLru/cap_pct:10/write_pct:5/zipf:1/real_time/threads:1",
      "family_index": 0,
      "per_family_instance_index": 0,
      "run_name": "v2_IntrusiveLru/cap_pct:10/write_pct:5/zipf:1/real_time/threads:1",
      "run_type": "iteration",
      "repetitions": 30,
      "repetition_index": 27,
      "threads": 1,
      "iterations": 30594196,
      "real_time": 2.3344572186205461e+01,
      "cpu_time": 2.3627545858698117e+01,
      "time_unit": "ns",
      "hits": 2.2379894000000000e+07,
      "items_per_second": 4.2836510004278846e+07,
      "miss_puts": 6.6842150000000000e+06,
      "reads": 2.9064109000000000e+07,
      "writes": 1.5300870000000000e+06
    },
    {
      "name": "v2_IntrusiveLru/cap_pct:10/write_pct:5/zipf:1/real_time/threads:1",
      "family_index": 0,
      "per_family_instance_index": 0,
      "run_name": "v2_IntrusiveLru/cap_pct:10/write_pct:5/zipf:1/real_time/threads:1",
      "run_type": "iteration",
      "repetitions": 30,
      "repetition_index": 28,
      "threads": 1,
      "iterations": 30594196,
      "real_time": 2.3202180112808303e+01,
      "cpu_time": 2.3432359327239773e+01,
      "time_unit": "ns",
      "hits": 2.2379894000000000e+07,
      "items_per_second": 4.3099398209048890e+07,
      "miss_puts": 6.6842150000000000e+06,
      "reads": 2.9064109000000000e+07,
      "writes": 1.5300870000000000e+06
    },
    {
      "name": "v2_IntrusiveLru/cap_pct:10/write_pct:5/zipf:1/real_time/threads:1",
      "family_index": 0,
      "per_family_instance_index": 0,
      "run_name": "v2_IntrusiveLru/cap_pct:10/write_pct:5/zipf:1/real_time/threads:1",
      "run_type": "iteration",
      "repetitions": 30,
      "repetition_index": 29,
      "threads": 1,
      "iterations": 30594196,
      "real_time": 2.3323178389804031e+01,
      "cpu_time": 2.3525761422199192e+01,
      "time_unit": "ns",
      "hits": 2.2379894000000000e+07,
      "items_per_second": 4.2875802915316224e+07,
      "miss_puts": 6.6842150000000000e+06,
      "reads": 2.9064109000000000e+07,
      "writes": 1.5300870000000000e+06
    },
    {
      "name": "v2_IntrusiveLru/cap_pct:10/write_pct:5/zipf:1/real_time/threads:1_mean",
      "family_index": 0,
      "per_family_instance_index": 0,
      "run_name": "v2_IntrusiveLru/cap_pct:10/write_pct:5/zipf:1/real_time/threads:1",
      "run_type": "aggregate",
      "repetitions": 30,
      "threads": 1,
      "aggregate_name": "mean",
      "aggregate_unit": "time",
      "iterations": 30,
      "real_time": 2.5199754129824463e+01,
      "cpu_time": 2.5177737064899496e+01,
      "time_unit": "ns",
      "hits": 2.2379894000000000e+07,
      "items_per_second": 4.0052121235722348e+07,
      "miss_puts": 6.6842150000000000e+06,
      "reads": 2.9064109000000000e+07,
      "writes": 1.5300870000000000e+06
    },
    {
      "name": "v2_IntrusiveLru/cap_pct:10/write_pct:5/zipf:1/real_time/threads:1_median",
      "family_index": 0,
      "per_family_instance_index": 0,
      "run_name": "v2_IntrusiveLru/cap_pct:10/write_pct:5/zipf:1/real_time/threads:1",
      "run_type": "aggregate",
      "repetitions": 30,
      "threads": 1,
      "aggregate_name": "median",
      "aggregate_unit": "time",
      "iterations": 30,
      "real_time": 2.3868772135699761e+01,
      "cpu_time": 2.3775975972697537e+01,
      "time_unit": "ns",
      "hits": 2.2379894000000000e+07,
      "items_per_second": 4.1895760815583572e+07,
      "miss_puts": 6.6842150000000000e+06,
      "reads": 2.9064109000000000e+07,
      "writes": 1.5300870000000000e+06
    },
    {
      "name": "v2_IntrusiveLru/cap_pct:10/write_pct:5/zipf:1/real_time/threads:1_stddev",
      "family_index": 0,
      "per_family_instance_index": 0,
      "run_name": "v2_IntrusiveLru/cap_pct:10/write_pct:5/zipf:1/real_time/threads:1",
      "run_type": "aggregate",
      "repetitions": 30,
      "threads": 1,
      "aggregate_name": "stddev",
      "aggregate_unit": "time",
      "iterations": 30,
      "real_time": 2.5770565391554143e+00,
      "cpu_time": 2.5064684383851725e+00,
      "time_unit": "ns",
      "hits": 0.0000000000000000e+00,
      "items_per_second": 3.7370942962970277e+06,
      "miss_puts": 0.0000000000000000e+00,
      "reads": 0.0000000000000000e+00,
      "writes": 0.0000000000000000e+00
    },
    {
      "name": "v2_IntrusiveLru/cap_pct:10/write_pct:5/zipf:1/real_time/threads:1_cv",
      "family_index": 0,
      "per_family_instance_index": 0,
      "run_name": "v2_IntrusiveLru/cap_pct:10/write_pct:5/zipf:1/real_time/threads:1",
      "run_type": "aggregate",
      "repetitions": 30,
      "threads": 1,
      "aggregate_name": "cv",
      "aggregate_unit": "percentage",
      "iterations": 30,
      "real_time": 1.0226514615495440e-01,
      "cpu_time": 9.9550981564560936e-02,
      "time_unit": "ns",
      "hits": 0.0000000000000000e+00,
      "items_per_second": 9.3305777097366968e-02,
      "miss_puts": 0.0000000000000000e+00,
      "reads": 0.0000000000000000e+00,
      "writes": 0.0000000000000000e+00
    }
  ]
}
