{
  "context": {
    "date": "2026-09-15T04:16:41-06:00",
    "host_name": "LAPTOP-EMHRSRSA",
    "executable": "/home/shaheer/projects/lru-bench/build/gcc-release/bench/bench_single_thread",
    "num_cpus": 8,
    "mhz_per_cpu": 2496,
    "cpu_scaling_enabled": false,
    "aslr_enabled": true,
    "caches": [
      {
        "type": "Data",
        "level": 1,
        "size": 49152,
        "num_sharing": 2
      },
      {
        "type": "Instruction",
        "level": 1,
        "size": 32768,
        "num_sharing": 2
      },
      {
        "type": "Unified",
        "level": 2,
        "size": 1310720,
        "num_sharing": 2
      },
      {
        "type": "Unified",
        "level": 3,
        "size": 10485760,
        "num_sharing": 8
      }
    ],
    "load_avg": [0,0.0361328,0.281738],
    "library_version": "v1.9.5",
    "library_build_type": "release",
    "json_schema_version": 1,
    "assertions": "disabled",
    "cxx_compiler": "11.4.0",
    "git_dirty": "true",
    "git_head": "555ef9a82fea7c66fa3fc036725ceccbd79df3b2",
    "key_space": "1000000",
    "miss_policy": "load on miss: a read that misses puts the key",
    "session": "gate-charging-20260915T101637Z",
    "source_tree_sha256": "ee2afa4d248c0bc64aa3c73dffae29d634cb07a9acd1306bbfe3f8dbac766cc7",
    "stream_length_per_thread": "2097152",
    "v3_shard_count": "16",
    "warmup_ops": "max(1000000, 4 x capacity), load on miss, single threaded",
    "zipf_theta": "0.990000"
  },
  "benchmarks": [
    {
      "name": "v2_IntrusiveLru/cap_pct:10/write_pct:5/zipf:1/real_time/threads:1",
      "family_index": 0,
      "per_family_instance_index": 0,
      "run_name": "v2_IntrusiveLru/cap_pct:10/write_pct:5/zipf:1/real_time/threads:1",
      "run_type": "iteration",
      "repetitions": 30,
      "repetition_index": 0,
      "threads": 1,
      "iterations": 29629201,
      "real_time": 2.3869997439338484e+01,
      "cpu_time": 2.4197814716637140e+01,
      "time_unit": "ns",
      "hits": 2.1673888000000000e+07,
      "items_per_second": 4.1893594774835192e+07,
      "miss_puts": 6.4736500000000000e+06,
      "reads": 2.8147538000000000e+07,
      "writes": 1.4816630000000000e+06
    },
    {
      "name": "v2_IntrusiveLru/cap_pct:10/write_pct:5/zipf:1/real_time/threads:1",
      "family_index": 0,
      "per_family_instance_index": 0,
      "run_name": "v2_IntrusiveLru/cap_pct:10/write_pct:5/zipf:1/real_time/threads:1",
      "run_type": "iteration",
      "repetitions": 30,
      "repetition_index": 1,
      "threads": 1,
      "iterations": 29629201,
      "real_time": 2.3020162609136236e+01,
      "cpu_time": 2.3298326370663858e+01,
      "time_unit": "ns",
      "hits": 2.1673888000000000e+07,
      "items_per_second": 4.3440179679839455e+07,
      "miss_puts": 6.4736500000000000e+06,
      "reads": 2.8147538000000000e+07,
      "writes": 1.4816630000000000e+06
    },
    {
      "name": "v2_IntrusiveLru/cap_pct:10/write_pct:5/zipf:1/real_time/threads:1",
      "family_index": 0,
      "per_family_instance_index": 0,
      "run_name": "v2_IntrusiveLru/cap_pct:10/write_pct:5/zipf:1/real_time/threads:1",
      "run_type": "iteration",
      "repetitions": 30,
      "repetition_index": 2,
      "threads": 1,
      "iterations": 29629201,
      "real_time": 2.2477995171081865e+01,
      "cpu_time": 2.2686972591667260e+01,
      "time_unit": "ns",
      "hits": 2.1673888000000000e+07,
      "items_per_second": 4.4487953324525520e+07,
      "miss_puts": 6.4736500000000000e+06,
      "reads": 2.8147538000000000e+07,
      "writes": 1.4816630000000000e+06
    },
    {
      "name": "v2_IntrusiveLru/cap_pct:10/write_pct:5/zipf:1/real_time/threads:1",
      "family_index": 0,
      "per_family_instance_index": 0,
      "run_name": "v2_IntrusiveLru/cap_pct:10/write_pct:5/zipf:1/real_time/threads:1",
      "run_type": "iteration",
      "repetitions": 30,
      "repetition_index": 3,
      "threads": 1,
      "iterations": 29629201,
      "real_time": 2.3467922000336724e+01,
      "cpu_time": 2.3671729453656209e+01,
      "time_unit": "ns",
      "hits": 2.1673888000000000e+07,
      "items_per_second": 4.2611356897540897e+07,
      "miss_puts": 6.4736500000000000e+06,
      "reads": 2.8147538000000000e+07,
      "writes": 1.4816630000000000e+06
    },
    {
      "name": "v2_IntrusiveLru/cap_pct:10/write_pct:5/zipf:1/real_time/threads:1",
      "family_index": 0,
      "per_family_instance_index": 0,
      "run_name": "v2_IntrusiveLru/cap_pct:10/write_pct:5/zipf:1/real_time/threads:1",
      "run_type": "iteration",
      "repetitions": 30,
      "repetition_index": 4,
      "threads": 1,
      "iterations": 29629201,
      "real_time": 2.2716036082102452e+01,
      "cpu_time": 2.2887055037359936e+01,
      "time_unit": "ns",
      "hits": 2.1673888000000000e+07,
      "items_per_second": 4.4021764905888744e+07,
      "miss_puts": 6.4736500000000000e+06,
      "reads": 2.8147538000000000e+07,
      "writes": 1.4816630000000000e+06
    },
    {
      "name": "v2_IntrusiveLru/cap_pct:10/write_pct:5/zipf:1/real_time/threads:1",
      "family_index": 0,
      "per_family_instance_index": 0,
      "run_name": "v2_IntrusiveLru/cap_pct:10/write_pct:5/zipf:1/real_time/threads:1",
      "run_type": "iteration",
      "repetitions": 30,
      "repetition_index": 5,
      "threads": 1,
      "iterations": 29629201,
      "real_time": 2.2433368520527672e+01,
      "cpu_time": 2.2566971616953168e+01,
      "time_unit": "ns",
      "hits": 2.1673888000000000e+07,
      "items_per_second": 4.4576453112021454e+07,
      "miss_puts": 6.4736500000000000e+06,
      "reads": 2.8147538000000000e+07,
      "writes": 1.4816630000000000e+06
    },
    {
      "name": "v2_IntrusiveLru/cap_pct:10/write_pct:5/zipf:1/real_time/threads:1",
      "family_index": 0,
      "per_family_instance_index": 0,
      "run_name": "v2_IntrusiveLru/cap_pct:10/write_pct:5/zipf:1/real_time/threads:1",
      "run_type": "iteration",
      "repetitions": 30,
      "repetition_index": 6,
      "threads": 1,
      "iterations": 29629201,
      "real_time": 2.2248601978824571e+01,
      "cpu_time": 2.2358884770466830e+01,
      "time_unit": "ns",
      "hits": 2.1673888000000000e+07,
      "items_per_second": 4.4946644330810741e+07,
      "miss_puts": 6.4736500000000000e+06,
      "reads": 2.8147538000000000e+07,
      "writes": 1.4816630000000000e+06
    },
    {
      "name": "v2_IntrusiveLru/cap_pct:10/write_pct:5/zipf:1/real_time/threads:1",
      "family_index": 0,
      "per_family_instance_index": 0,
      "run_name": "v2_IntrusiveLru/cap_pct:10/write_pct:5/zipf:1/real_time/threads:1",
      "run_type": "iteration",
      "repetitions": 30,
      "repetition_index": 7,
      "threads": 1,
      "iterations": 29629201,
      "real_time": 2.2748659574057346e+01,
      "cpu_time": 2.2841598529774728e+01,
      "time_unit": "ns",
      "hits": 2.1673888000000000e+07,
      "items_per_second": 4.3958633990918905e+07,
      "miss_puts": 6.4736500000000000e+06,
      "reads": 2.8147538000000000e+07,
      "writes": 1.4816630000000000e+06
    },
    {
      "name": "v2_IntrusiveLru/cap_pct:10/write_pct:5/zipf:1/real_time/threads:1",
      "family_index": 0,
      "per_family_instance_index": 0,
      "run_name": "v2_IntrusiveLru/cap_pct:10/write_pct:5/zipf:1/real_time/threads:1",
      "run_type": "iteration",
      "repetitions": 30,
      "repetition_index": 8,
      "threads": 1,
      "iterations": 29629201,
      "real_time": 2.2746797593279158e+01,
      "cpu_time": 2.2810470285715784e+01,
      "time_unit": "ns",
      "hits": 2.1673888000000000e+07,
      "items_per_second": 4.3962232305415295e+07,
      "miss_puts": 6.4736500000000000e+06,
      "reads": 2.8147538000000000e+07,
      "writes": 1.4816630000000000e+06
    },
    {
      "name": "v2_IntrusiveLru/cap_pct:10/write_pct:5/zipf:1/real_time/threads:1",
      "family_index": 0,
      "per_family_instance_index": 0,
      "run_name": "v2_IntrusiveLru/cap_pct:10/write_pct:5/zipf:1/real_time/threads:1",
      "run_type": "iteration",
      "repetitions": 30,
      "repetition_index": 9,
      "threads": 1,
      "iterations": 29629201,
      "real_time": 2.3763011226559343e+01,
      "cpu_time": 2.3814177844350258e+01,
      "time_unit": "ns",
      "hits": 2.1673888000000000e+07,
      "items_per_second": 4.2082208793569237e+07,
      "miss_puts": 6.4736500000000000e+06,
      "reads": 2.8147538000000000e+07,
      "writes": 1.4816630000000000e+06
    },
    {
      "name": "v2_IntrusiveLru/cap_pct:10/write_pct:5/zipf:1/real_time/threads:1",
      "family_index": 0,
      "per_family_instance_index": 0,
      "run_name": "v2_IntrusiveLru/cap_pct:10/write_pct:5/zipf:1/real_time/threads:1",
      "run_type": "iteration",
      "repetitions": 30,
      "repetition_index": 10,
      "threads": 1,
      "iterations": 29629201,
      "real_time": 2.3907496358066680e+01,
      "cpu_time": 2.3942937982026628e+01,
      "time_unit": "ns",
      "hits": 2.1673888000000000e+07,
      "items_per_second": 4.1827884652697556e+07,
      "miss_puts": 6.4736500000000000e+06,
      "reads": 2.8147538000000000e+07,
      "writes": 1.4816630000000000e+06
    },
    {
      "name": "v2_IntrusiveLru/cap_pct:10/write_pct:5/zipf:1/real_time/threads:1",
      "family_index": 0,
      "per_family_instance_index": 0,
      "run_name": "v2_IntrusiveLru/cap_pct:10/write_pct:5/zipf:1/real_time/threads:1",
      "run_type": "iteration",
      "repetitions": 30,
      "repetition_index": 11,
      "threads": 1,
      "iterations": 29629201,
      "real_time": 2.3537465252627225e+01,
      "cpu_time": 2.3556644338806166e+01,
      "time_unit": "ns",
      "hits": 2.1673888000000000e+07,
      "items_per_second": 4.2485458364654675e+07,
      "miss_puts": 6.4736500000000000e+06,
      "reads": 2.8147538000000000e+07,
      "writes": 1.4816630000000000e+06
    },
    {
      "name": "v2_IntrusiveLru/cap_pct:10/write_pct:5/zipf:1/real_time/threads:1",
      "family_index": 0,
      "per_family_instance_index": 0,
      "run_name": "v2_IntrusiveLru/cap_pct:10/write_pct:5/zipf:1/real_time/threads:1",
      "run_type": "iteration",
      "repetitions": 30,
      "repetition_index": 12,
      "threads": 1,
      "iterations": 29629201,
      "real_time": 2.5362985049781308e+01,
      "cpu_time": 2.5362283647135843e+01,
      "time_unit": "ns",
      "hits": 2.1673888000000000e+07,
      "items_per_second": 3.9427535758793600e+07,
      "miss_puts": 6.4736500000000000e+06,
      "reads": 2.8147538000000000e+07,
      "writes": 1.4816630000000000e+06
    },
    {
      "name": "v2_IntrusiveLru/cap_pct:10/write_pct:5/zipf:1/real_time/threads:1",
      "family_index": 0,
      "per_family_instance_index": 0,
      "run_name": "v2_IntrusiveLru/cap_pct:10/write_pct:5/zipf:1/real_time/threads:1",
      "run_type": "iteration",
      "repetitions": 30,
      "repetition_index": 13,
      "threads": 1,
      "iterations": 29629201,
      "real_time": 2.3716695836569514e+01,
      "cpu_time": 2.3702519416571491e+01,
      "time_unit": "ns",
      "hits": 2.1673888000000000e+07,
      "items_per_second": 4.2164389461792938e+07,
      "miss_puts": 6.4736500000000000e+06,
      "reads": 2.8147538000000000e+07,
      "writes": 1.4816630000000000e+06
    },
    {
      "name": "v2_IntrusiveLru/cap_pct:10/write_pct:5/zipf:1/real_time/threads:1",
      "family_index": 0,
      "per_family_instance_index": 0,
      "run_name": "v2_IntrusiveLru/cap_pct:10/write_pct:5/zipf:1/real_time/threads:1",
      "run_type": "iteration",
      "repetitions": 30,
      "repetition_index": 14,
      "threads": 1,
      "iterations": 29629201,
      "real_time": 2.6754809115502812e+01,
      "cpu_time": 2.6725840632692108e+01,
      "time_unit": "ns",
      "hits": 2.1673888000000000e+07,
      "items_per_second": 3.7376458029766314e+07,
      "miss_puts": 6.4736500000000000e+06,
      "reads": 2.8147538000000000e+07,
      "writes": 1.4816630000000000e+06
    },
    {
      "name": "v2_IntrusiveLru/cap_pct:10/write_pct:5/zipf:1/real_time/threads:1",
      "family_index": 0,
      "per_family_instance_index": 0,
      "run_name": "v2_IntrusiveLru/cap_pct:10/write_pct:5/zipf:1/real_time/threads:1",
      "run_type": "iteration",
      "repetitions": 30,
      "repetition_index": 15,
      "threads": 1,
      "iterations": 29629201,
      "real_time": 2.3694170895789647e+01,
      "cpu_time": 2.3657909371231430e+01,
      "time_unit": "ns",
      "hits": 2.1673888000000000e+07,
      "items_per_second": 4.2204473176045835e+07,
      "miss_puts": 6.4736500000000000e+06,
      "reads": 2.8147538000000000e+07,
      "writes": 1.4816630000000000e+06
    },
    {
      "name": "v2_IntrusiveLru/cap_pct:10/write_pct:5/zipf:1/real_time/threads:1",
      "family_index": 0,
      "per_family_instance_index": 0,
      "run_name": "v2_IntrusiveLru/cap_pct:10/write_pct:5/zipf:1/real_time/threads:1",
      "run_type": "iteration",
      "repetitions": 30,
      "repetition_index": 16,
      "threads": 1,
      "iterations": 29629201,
      "real_time": 2.3712549656603620e+01,
      "cpu_time": 2.3662918247441066e+01,
      "time_unit": "ns",
      "hits": 2.1673888000000000e+07,
      "items_per_second": 4.2171761977586992e+07,
      "miss_puts": 6.4736500000000000e+06,
      "reads": 2.8147538000000000e+07,
      "writes": 1.4816630000000000e+06
    },
    {
      "name": "v2_IntrusiveLru/cap_pct:10/write_pct:5/zipf:1/real_time/threads:1",
      "family_index": 0,
      "per_family_instance_index": 0,
      "run_name": "v2_IntrusiveLru/cap_pct:10/write_pct:5/zipf:1/real_time/threads:1",
      "run_type": "iteration",
      "repetitions": 30,
      "repetition_index": 17,
      "threads": 1,
      "iterations": 29629201,
      "real_time": 2.3097791465997442e+01,
      "cpu_time": 2.3041250724243277e+01,
      "time_unit": "ns",
      "hits": 2.1673888000000000e+07,
      "items_per_second": 4.3294182540010937e+07,
      "miss_puts": 6.4736500000000000e+06,
      "reads": 2.8147538000000000e+07,
      "writes": 1.4816630000000000e+06
    },
    {
      "name": "v2_IntrusiveLru/cap_pct:10/write_pct:5/zipf:1/real_time/threads:1",
      "family_index": 0,
      "per_family_instance_index": 0,
      "run_name": "v2_IntrusiveLru/cap_pct:10/write_pct:5/zipf:1/real_time/threads:1",
      "run_type": "iteration",
      "repetitions": 30,
      "repetition_index": 18,
      "threads": 1,
      "iterations": 29629201,
      "real_time": 2.2702863873961334e+01,
      "cpu_time": 2.2639962481607263e+01,
      "time_unit": "ns",
      "hits": 2.1673888000000000e+07,
      "items_per_second": 4.4047306346532479e+07,
      "miss_puts": 6.4736500000000000e+06,
      "reads": 2.8147538000000000e+07,
      "writes": 1.4816630000000000e+06
    },
    {
      "name": "v2_IntrusiveLru/cap_pct:10/write_pct:5/zipf:1/real_time/threads:1",
      "family_index": 0,
      "per_family_instance_index": 0,
      "run_name": "v2_IntrusiveLru/cap_pct:10/write_pct:5/zipf:1/real_time/threads:1",
      "run_type": "iteration",
      "repetitions": 30,
      "repetition_index": 19,
      "threads": 1,
      "iterations": 29629201,
      "real_time": 2.2952247581789440e+01,
      "cpu_time": 2.2881919326815474e+01,
      "time_unit": "ns",
      "hits": 2.1673888000000000e+07,
      "items_per_second": 4.3568717897301294e+07,
      "miss_puts": 6.4736500000000000e+06,
      "reads": 2.8147538000000000e+07,
      "writes": 1.4816630000000000e+06
    },
    {
      "name": "v2_IntrusiveLru/cap_pct:10/write_pct:5/zipf:1/real_time/threads:1",
      "family_index": 0,
      "per_family_instance_index": 0,
      "run_name": "v2_IntrusiveLru/cap_pct:10/write_pct:5/zipf:1/real_time/threads:1",
      "run_type": "iteration",
      "repetitions": 30,
      "repetition_index": 20,
      "threads": 1,
      "iterations": 29629201,
      "real_time": 2.3130230882679506e+01,
      "cpu_time": 2.3045082889680323e+01,
      "time_unit": "ns",
      "hits": 2.1673888000000000e+07,
      "items_per_second": 4.3233463819370039e+07,
      "miss_puts": 6.4736500000000000e+06,
      "reads": 2.8147538000000000e+07,
      "writes": 1.4816630000000000e+06
    },
    {
      "name": "v2_IntrusiveLru/cap_pct:10/write_pct:5/zipf:1/real_time/threads:1",
      "family_index": 0,
      "per_family_instance_index": 0,
      "run_name": "v2_IntrusiveLru/cap_pct:10/write_pct:5/zipf:1/real_time/threads:1",
      "run_type": "iteration",
      "repetitions": 30,
      "repetition_index": 21,
      "threads": 1,
      "iterations": 29629201,
      "real_time": 2.2990932728830259e+01,
      "cpu_time": 2.2900281819951886e+01,
      "time_unit": "ns",
      "hits": 2.1673888000000000e+07,
      "items_per_second": 4.3495408028662369e+07,
      "miss_puts": 6.4736500000000000e+06,
      "reads": 2.8147538000000000e+07,
      "writes": 1.4816630000000000e+06
    },
    {
      "name": "v2_IntrusiveLru/cap_pct:10/write_pct:5/zipf:1/real_time/threads:1",
      "family_index": 0,
      "per_family_instance_index": 0,
      "run_name": "v2_IntrusiveLru/cap_pct:10/write_pct:5/zipf:1/real_time/threads:1",
      "run_type": "iteration",
      "repetitions": 30,
      "repetition_index": 22,
      "threads": 1,
      "iterations": 29629201,
      "real_time": 2.2988822580742685e+01,
      "cpu_time": 2.2893265329699499e+01,
      "time_unit": "ns",
      "hits": 2.1673888000000000e+07,
      "items_per_second": 4.3499400479852401e+07,
      "miss_puts": 6.4736500000000000e+06,
      "reads": 2.8147538000000000e+07,
      "writes": 1.4816630000000000e+06
    },
    {
      "name": "v2_IntrusiveLru/cap_pct:10/write_pct:5/zipf:1/real_time/threads:1",
      "family_index": 0,
      "per_family_instance_index": 0,
      "run_name": "v2_IntrusiveLru/cap_pct:10/write_pct:5/zipf:1/real_time/threads:1",
      "run_type": "iteration",
      "repetitions": 30,
      "repetition_index": 23,
      "threads": 1,
      "iterations": 29629201,
      "real_time": 2.3359416138152302e+01,
      "cpu_time": 2.3255552554387108e+01,
      "time_unit": "ns",
      "hits": 2.1673888000000000e+07,
      "items_per_second": 4.2809289157134674e+07,
      "miss_puts": 6.4736500000000000e+06,
      "reads": 2.8147538000000000e+07,
      "writes": 1.4816630000000000e+06
    },
    {
      "name": "v2_IntrusiveLru/cap_pct:10/write_pct:5/zipf:1/real_time/threads:1",
      "family_index": 0,
      "per_family_instance_index": 0,
      "run_name": "v2_IntrusiveLru/cap_pct:10/write_pct:5/zipf:1/real_time/threads:1",
      "run_type": "iteration",
      "repetitions": 30,
      "repetition_index": 24,
      "threads": 1,
      "iterations": 29629201,
      "real_time": 2.3299858507838909e+01,
      "cpu_time": 2.3192368569101809e+01,
      "time_unit": "ns",
      "hits": 2.1673888000000000e+07,
      "items_per_second": 4.2918715564884834e+07,
      "miss_puts": 6.4736500000000000e+06,
      "reads": 2.8147538000000000e+07,
      "writes": 1.4816630000000000e+06
    },
    {
      "name": "v2_IntrusiveLru/cap_pct:10/write_pct:5/zipf:1/real_time/threads:1",
      "family_index": 0,
      "per_family_instance_index": 0,
      "run_name": "v2_IntrusiveLru/cap_pct:10/write_pct:5/zipf:1/real_time/threads:1",
      "run_type": "iteration",
      "repetitions": 30,
      "repetition_index": 25,
      "threads": 1,
      "iterations": 29629201,
      "real_time": 2.3172881577141649e+01,
      "cpu_time": 2.3061751817067293e+01,
      "time_unit": "ns",
      "hits": 2.1673888000000000e+07,
      "items_per_second": 4.3153890752474517e+07,
      "miss_puts": 6.4736500000000000e+06,
      "reads": 2.8147538000000000e+07,
      "writes": 1.4816630000000000e+06
    },
    {
      "name": "v2_IntrusiveLru/cap_pct:10/write_pct:5/zipf:1/real_time/threads:1",
      "family_index": 0,
      "per_family_instance_index": 0,
      "run_name": "v2_IntrusiveLru/cap_pct:10/write_pct:5/zipf:1/real_time/threads:1",
      "run_type": "iteration",
      "repetitions": 30,
      "repetition_index": 26,
      "threads": 1,
      "iterations": 29629201,
      "real_time": 2.3843182608906687e+01,
      "cpu_time": 2.3725271396957311e+01,
      "time_unit": "ns",
      "hits": 2.1673888000000000e+07,
      "items_per_second": 4.1940709694789119e+07,
      "miss_puts": 6.4736500000000000e+06,
      "reads": 2.8147538000000000e+07,
      "writes": 1.4816630000000000e+06
    },
    {
      "name": "v2_IntrusiveLru/cap_pct:10/write_pct:5/zipf:1/real_time/threads:1",
      "family_index": 0,
      "per_family_instance_index": 0,
      "run_name": "v2_IntrusiveLru/cap_pct:10/write_pct:5/zipf:1/real_time/threads:1",
      "run_type": "iteration",
      "repetitions": 30,
      "repetition_index": 27,
      "threads": 1,
      "iterations": 29629201,
      "real_time": 2.3123274029594782e+01,
      "cpu_time": 2.3004627158187628e+01,
      "time_unit": "ns",
      "hits": 2.1673888000000000e+07,
      "items_per_second": 4.3246471010987893e+07,
      "miss_puts": 6.4736500000000000e+06,
      "reads": 2.8147538000000000e+07,
      "writes": 1.4816630000000000e+06
    },
    {
      "name": "v2_IntrusiveLru/cap_pct:10/write_pct:5/zipf:1/real_time/threads:1",
      "family_index": 0,
      "per_family_instance_index": 0,
      "run_name": "v2_IntrusiveLru/cap_pct:10/write_pct:5/zipf:1/real_time/threads:1",
      "run_type": "iteration",
      "repetitions": 30,
      "repetition_index": 28,
      "threads": 1,
      "iterations": 29629201,
      "real_time": 2.3522933777423816e+01,
      "cpu_time": 2.3400060096119294e+01,
      "time_unit": "ns",
      "hits": 2.1673888000000000e+07,
      "items_per_second": 4.2511704086832568e+07,
      "miss_puts": 6.4736500000000000e+06,
      "reads": 2.8147538000000000e+07,
      "writes": 1.4816630000000000e+06
    },
    {
      "name": "v2_IntrusiveLru/cap_pct:10/write_pct:5/zipf:1/real_time/threads:1",
      "family_index": 0,
      "per_family_instance_index": 0,
      "run_name": "v2_IntrusiveLru/cap_pct:10/write_pct:5/zipf:1/real_time/threads:1",
      "run_type": "iteration",
      "repetitions": 30,
      "repetition_index": 29,
      "threads": 1,
      "iterations": 29629201,
      "real_time": 2.3332739212199776e+01,
      "cpu_time": 2.3207939964361497e+01,
      "time_unit": "ns",
      "hits": 2.1673888000000000e+07,
      "items_per_second": 4.2858234127827525e+07,
      "miss_puts": 6.4736500000000000e+06,
      "reads": 2.8147538000000000e+07,
      "writes": 1.4816630000000000e+06
    },
    {
      "name": "v2_IntrusiveLru/cap_pct:10/write_pct:5/zipf:1/real_time/threads:1_mean",
      "family_index": 0,
      "per_family_instance_index": 0,
      "run_name": "v2_IntrusiveLru/cap_pct:10/write_pct:5/zipf:1/real_time/threads:1",
      "run_type": "aggregate",
      "repetitions": 30,
      "threads": 1,
      "aggregate_name": "mean",
      "aggregate_unit": "time",
      "iterations": 30,
      "real_time": 2.3389863310848106e+01,
      "cpu_time": 2.3399812966044319e+01,
      "time_unit": "ns",
      "hits": 2.1673888000000000e+07,
      "items_per_second": 4.2807215901445471e+07,
      "miss_puts": 6.4736500000000000e+06,
      "reads": 2.8147538000000000e+07,
      "writes": 1.4816630000000000e+06
    },
    {
      "name": "v2_IntrusiveLru/cap_pct:10/write_pct:5/zipf:1/real_time/threads:1_median",
      "family_index": 0,
      "per_family_instance_index": 0,
      "run_name": "v2_IntrusiveLru/cap_pct:10/write_pct:5/zipf:1/real_time/threads:1",
      "run_type": "aggregate",
      "repetitions": 30,
      "threads": 1,
      "aggregate_name": "median",
      "aggregate_unit": "time",
      "iterations": 30,
      "real_time": 2.3236370042490275e+01,
      "cpu_time": 2.3200154266731655e+01,
      "time_unit": "ns",
      "hits": 2.1673888000000000e+07,
      "items_per_second": 4.3036303158679679e+07,
      "miss_puts": 6.4736500000000000e+06,
      "reads": 2.8147538000000000e+07,
      "writes": 1.4816630000000000e+06
    },
    {
      "name": "v2_IntrusiveLru/cap_pct:10/write_pct:5/zipf:1/real_time/threads:1_stddev",
      "family_index": 0,
      "per_family_instance_index": 0,
      "run_name": "v2_IntrusiveLru/cap_pct:10/write_pct:5/zipf:1/real_time/threads:1",
      "run_type": "aggregate",
      "repetitions": 30,
      "threads": 1,
      "aggregate_name": "stddev",
      "aggregate_unit": "time",
      "iterations": 30,
      "real_time": 8.7374124570585621e-01,
      "cpu_time": 8.6390931240267732e-01,
      "time_unit": "ns",
      "hits": 0.0000000000000000e+00,
      "items_per_second": 1.4888138459577246e+06,
      "miss_puts": 0.0000000000000000e+00,
      "reads": 0.0000000000000000e+00,
      "writes": 0.0000000000000000e+00
    },
    {
      "name": "v2_IntrusiveLru/cap_pct:10/write_pct:5/zipf:1/real_time/threads:1_cv",
      "family_index": 0,
      "per_family_instance_index": 0,
      "run_name": "v2_IntrusiveLru/cap_pct:10/write_pct:5/zipf:1/real_time/threads:1",
      "run_type": "aggregate",
      "repetitions": 30,
      "threads": 1,
      "aggregate_name": "cv",
      "aggregate_unit": "percentage",
      "iterations": 30,
      "real_time": 3.7355551594891928e-02,
      "cpu_time": 3.6919496478724161e-02,
      "time_unit": "ns",
      "hits": 0.0000000000000000e+00,
      "items_per_second": 3.4779506552946649e-02,
      "miss_puts": 0.0000000000000000e+00,
      "reads": 0.0000000000000000e+00,
      "writes": 0.0000000000000000e+00
    }
  ]
}
